2026-04-03T00:01:52.683+05:30  WARN 92886 --- [HikariPool-1 housekeeper] com.zaxxer.hikari.pool.HikariPool        : HikariPool-1 - Thread starvation or clock leap detected (housekeeper delta=43m59s653ms).
2026-04-03T01:27:52.150+05:30  WARN 92886 --- [HikariPool-1 housekeeper] com.zaxxer.hikari.pool.HikariPool        : HikariPool-1 - Thread starvation or clock leap detected (housekeeper delta=1h25m59s466ms).
2026-04-03T05:25:22.925+05:30  WARN 92886 --- [HikariPool-1 housekeeper] com.zaxxer.hikari.pool.HikariPool        : HikariPool-1 - Thread starvation or clock leap detected (housekeeper delta=3h57m30s776ms).
2026-04-03T07:55:04.846+05:30  WARN 92886 --- [HikariPool-1 housekeeper] com.zaxxer.hikari.pool.HikariPool        : HikariPool-1 - Thread starvation or clock leap detected (housekeeper delta=2h29m41s921ms).
2026-04-03T09:55:57.015+05:30  WARN 92886 --- [HikariPool-1 housekeeper] com.zaxxer.hikari.pool.HikariPool        : HikariPool-1 - Thread starvation or clock leap detected (housekeeper delta=2h52s169ms).
2026-04-03T12:40:28.603+05:30  WARN 92886 --- [HikariPool-1 housekeeper] com.zaxxer.hikari.pool.HikariPool        : HikariPool-1 - Thread starvation or clock leap detected (housekeeper delta=2h44m31s587ms).
2026-04-03T14:03:27.119+05:30  WARN 92886 --- [HikariPool-1 housekeeper] com.zaxxer.hikari.pool.HikariPool        : HikariPool-1 - Thread starvation or clock leap detected (housekeeper delta=1h22m58s517ms).
2026-04-03T16:19:12.812+05:30  WARN 92886 --- [HikariPool-1 housekeeper] com.zaxxer.hikari.pool.HikariPool        : HikariPool-1 - Thread starvation or clock leap detected (housekeeper delta=2h15m45s693ms).
2026-04-03T20:05:54.765+05:30  WARN 92886 --- [HikariPool-1 housekeeper] com.zaxxer.hikari.pool.HikariPool        : HikariPool-1 - Thread starvation or clock leap detected (housekeeper delta=3h46m41s953ms).
2026-04-03T20:15:43.331+05:30  WARN 92886 --- [HikariPool-1 housekeeper] com.zaxxer.hikari.pool.HikariPool        : HikariPool-1 - Thread starvation or clock leap detected (housekeeper delta=9m48s565ms).
2026-04-03T22:15:26.200+05:30  WARN 92886 --- [HikariPool-1 housekeeper] com.zaxxer.hikari.pool.HikariPool        : HikariPool-1 - Thread starvation or clock leap detected (housekeeper delta=30m42s203ms).
2026-04-03T22:19:46.380+05:30  WARN 92886 --- [HikariPool-1 housekeeper] com.zaxxer.hikari.pool.HikariPool        : HikariPool-1 - Thread starvation or clock leap detected (housekeeper delta=4m20s181ms).
2026-04-03T22:32:06.153+05:30  WARN 92886 --- [HikariPool-1 housekeeper] com.zaxxer.hikari.pool.HikariPool        : HikariPool-1 - Thread starvation or clock leap detected (housekeeper delta=12m19s773ms).
2026-04-03T22:54:55.042+05:30  INFO 92886 --- [SpringApplicationShutdownHook] j.LocalContainerEntityManagerFactoryBean : Closing JPA EntityManagerFactory for persistence unit 'default'
2026-04-03T22:54:55.058+05:30  INFO 92886 --- [SpringApplicationShutdownHook] com.zaxxer.hikari.HikariDataSource       : HikariPool-1 - Shutdown initiated...
2026-04-03T22:54:55.071+05:30  INFO 92886 --- [SpringApplicationShutdownHook] com.zaxxer.hikari.HikariDataSource       : HikariPool-1 - Shutdown completed.
2026-04-03T23:18:38.697+05:30  INFO 99388 --- [main] com.payflow.PayFlowApplication           : Starting PayFlowApplication using Java 22.0.1 with PID 99388 (/Users/divyanshu/Downloads/payflow/target/classes started by divyanshu in /Users/divyanshu/Downloads/payflow)
2026-04-03T23:18:38.701+05:30  INFO 99388 --- [main] com.payflow.PayFlowApplication           : The following 1 profile is active: "dev"
2026-04-03T23:18:39.373+05:30  INFO 99388 --- [main] .s.d.r.c.RepositoryConfigurationDelegate : Multiple Spring Data modules found, entering strict repository configuration mode
2026-04-03T23:18:39.374+05:30  INFO 99388 --- [main] .s.d.r.c.RepositoryConfigurationDelegate : Bootstrapping Spring Data JPA repositories in DEFAULT mode.
2026-04-03T23:18:39.482+05:30  INFO 99388 --- [main] .s.d.r.c.RepositoryConfigurationDelegate : Finished Spring Data repository scanning in 98 ms. Found 5 JPA repository interfaces.
2026-04-03T23:18:39.497+05:30  INFO 99388 --- [main] .s.d.r.c.RepositoryConfigurationDelegate : Multiple Spring Data modules found, entering strict repository configuration mode
2026-04-03T23:18:39.498+05:30  INFO 99388 --- [main] .s.d.r.c.RepositoryConfigurationDelegate : Bootstrapping Spring Data Redis repositories in DEFAULT mode.
2026-04-03T23:18:39.508+05:30  INFO 99388 --- [main] .RepositoryConfigurationExtensionSupport : Spring Data Redis - Could not safely identify store assignment for repository candidate interface com.payflow.repository.IdempotencyRepository; If you want this repository to be a Redis repository, consider annotating your entities with one of these annotations: org.springframework.data.redis.core.RedisHash (preferred), or consider extending one of the following types with your repository: org.springframework.data.keyvalue.repository.KeyValueRepository
2026-04-03T23:18:39.509+05:30  INFO 99388 --- [main] .RepositoryConfigurationExtensionSupport : Spring Data Redis - Could not safely identify store assignment for repository candidate interface com.payflow.repository.RefreshTokenRepository; If you want this repository to be a Redis repository, consider annotating your entities with one of these annotations: org.springframework.data.redis.core.RedisHash (preferred), or consider extending one of the following types with your repository: org.springframework.data.keyvalue.repository.KeyValueRepository
2026-04-03T23:18:39.510+05:30  INFO 99388 --- [main] .RepositoryConfigurationExtensionSupport : Spring Data Redis - Could not safely identify store assignment for repository candidate interface com.payflow.repository.TransactionRepository; If you want this repository to be a Redis repository, consider annotating your entities with one of these annotations: org.springframework.data.redis.core.RedisHash (preferred), or consider extending one of the following types with your repository: org.springframework.data.keyvalue.repository.KeyValueRepository
2026-04-03T23:18:39.510+05:30  INFO 99388 --- [main] .RepositoryConfigurationExtensionSupport : Spring Data Redis - Could not safely identify store assignment for repository candidate interface com.payflow.repository.UserRepository; If you want this repository to be a Redis repository, consider annotating your entities with one of these annotations: org.springframework.data.redis.core.RedisHash (preferred), or consider extending one of the following types with your repository: org.springframework.data.keyvalue.repository.KeyValueRepository
2026-04-03T23:18:39.510+05:30  INFO 99388 --- [main] .RepositoryConfigurationExtensionSupport : Spring Data Redis - Could not safely identify store assignment for repository candidate interface com.payflow.repository.WalletRepository; If you want this repository to be a Redis repository, consider annotating your entities with one of these annotations: org.springframework.data.redis.core.RedisHash (preferred), or consider extending one of the following types with your repository: org.springframework.data.keyvalue.repository.KeyValueRepository
2026-04-03T23:18:39.510+05:30  INFO 99388 --- [main] .s.d.r.c.RepositoryConfigurationDelegate : Finished Spring Data repository scanning in 7 ms. Found 0 Redis repository interfaces.
2026-04-03T23:18:40.040+05:30  INFO 99388 --- [main] o.s.b.w.embedded.tomcat.TomcatWebServer  : Tomcat initialized with port 8080 (http)
2026-04-03T23:18:40.049+05:30  INFO 99388 --- [main] o.apache.catalina.core.StandardService   : Starting service [Tomcat]
2026-04-03T23:18:40.049+05:30  INFO 99388 --- [main] o.apache.catalina.core.StandardEngine    : Starting Servlet engine: [Apache Tomcat/10.1.20]
2026-04-03T23:18:40.098+05:30  INFO 99388 --- [main] o.a.c.c.C.[Tomcat].[localhost].[/]       : Initializing Spring embedded WebApplicationContext
2026-04-03T23:18:40.098+05:30  INFO 99388 --- [main] w.s.c.ServletWebServerApplicationContext : Root WebApplicationContext: initialization completed in 1339 ms
2026-04-03T23:18:40.188+05:30 ERROR 99388 --- [main] i.n.r.d.DnsServerAddressStreamProviders  : Unable to load io.netty.resolver.dns.macos.MacOSDnsServerAddressStreamProvider, fallback to system defaults. This may result in incorrect DNS resolutions on MacOS. Check whether you have a dependency on 'io.netty:netty-resolver-dns-native-macos'. Use DEBUG level to see the full stack: java.lang.UnsatisfiedLinkError: failed to load the required native library
2026-04-03T23:18:40.407+05:30  INFO 99388 --- [main] o.hibernate.jpa.internal.util.LogHelper  : HHH000204: Processing PersistenceUnitInfo [name: default]
2026-04-03T23:18:40.441+05:30  INFO 99388 --- [main] org.hibernate.Version                    : HHH000412: Hibernate ORM core version 6.4.4.Final
2026-04-03T23:18:40.460+05:30  INFO 99388 --- [main] o.h.c.internal.RegionFactoryInitiator    : HHH000026: Second-level cache disabled
2026-04-03T23:18:40.602+05:30  INFO 99388 --- [main] o.s.o.j.p.SpringPersistenceUnitInfo      : No LoadTimeWeaver setup: ignoring JPA class transformer
2026-04-03T23:18:40.621+05:30  INFO 99388 --- [main] com.zaxxer.hikari.HikariDataSource       : HikariPool-1 - Starting...
2026-04-03T23:18:40.887+05:30  INFO 99388 --- [main] com.zaxxer.hikari.pool.HikariPool        : HikariPool-1 - Added connection com.mysql.cj.jdbc.ConnectionImpl@4f9213d2
2026-04-03T23:18:40.888+05:30  INFO 99388 --- [main] com.zaxxer.hikari.HikariDataSource       : HikariPool-1 - Start completed.
2026-04-03T23:18:40.929+05:30  WARN 99388 --- [main] org.hibernate.orm.deprecation            : HHH90000025: MySQLDialect does not need to be specified explicitly using 'hibernate.dialect' (remove the property setting and it will be selected by default)
2026-04-03T23:18:42.312+05:30  INFO 99388 --- [main] o.h.e.t.j.p.i.JtaPlatformInitiator       : HHH000489: No JTA platform available (set 'hibernate.transaction.jta.platform' to enable JTA platform integration)
2026-04-03T23:18:42.435+05:30  INFO 99388 --- [main] j.LocalContainerEntityManagerFactoryBean : Initialized JPA EntityManagerFactory for persistence unit 'default'
2026-04-03T23:18:42.930+05:30  INFO 99388 --- [main] o.s.d.j.r.query.QueryEnhancerFactory     : Hibernate is in classpath; If applicable, HQL parser will be used.
2026-04-03T23:18:43.440+05:30  WARN 99388 --- [main] JpaBaseConfiguration$JpaWebConfiguration : spring.jpa.open-in-view is enabled by default. Therefore, database queries may be performed during view rendering. Explicitly configure spring.jpa.open-in-view to disable this warning
2026-04-03T23:18:43.605+05:30  INFO 99388 --- [main] o.s.s.web.DefaultSecurityFilterChain     : Will secure any request with [org.springframework.security.web.session.DisableEncodeUrlFilter@8508dae, org.springframework.security.web.context.request.async.WebAsyncManagerIntegrationFilter@71d3776, org.springframework.security.web.context.SecurityContextHolderFilter@33bd3549, org.springframework.security.web.header.HeaderWriterFilter@3a837f7, org.springframework.web.filter.CorsFilter@5303762f, org.springframework.security.web.authentication.logout.LogoutFilter@51989b17, com.payflow.filter.JwtAuthenticationFilter@ea3491d, org.springframework.security.web.authentication.www.BasicAuthenticationFilter@524ba12b, org.springframework.security.web.savedrequest.RequestCacheAwareFilter@7df5358, org.springframework.security.web.servletapi.SecurityContextHolderAwareRequestFilter@49d26eba, org.springframework.security.web.authentication.AnonymousAuthenticationFilter@2ef99072, org.springframework.security.web.session.SessionManagementFilter@7029653c, org.springframework.security.web.access.ExceptionTranslationFilter@631ff7a2, org.springframework.security.web.access.intercept.AuthorizationFilter@60c3f653]
2026-04-03T23:18:43.841+05:30  INFO 99388 --- [main] o.s.b.w.embedded.tomcat.TomcatWebServer  : Tomcat started on port 8080 (http) with context path ''
2026-04-03T23:18:43.847+05:30  INFO 99388 --- [main] com.payflow.PayFlowApplication           : Started PayFlowApplication in 5.64 seconds (process running for 5.961)
2026-04-03T23:18:45.989+05:30  INFO 99388 --- [http-nio-8080-exec-2] o.a.c.c.C.[Tomcat].[localhost].[/]       : Initializing Spring DispatcherServlet 'dispatcherServlet'
2026-04-03T23:18:45.989+05:30  INFO 99388 --- [http-nio-8080-exec-2] o.s.web.servlet.DispatcherServlet        : Initializing Servlet 'dispatcherServlet'
2026-04-03T23:18:45.991+05:30  INFO 99388 --- [http-nio-8080-exec-2] o.s.web.servlet.DispatcherServlet        : Completed initialization in 0 ms
2026-04-03T23:20:13.790+05:30  INFO 99388 --- [http-nio-8080-exec-10] com.payflow.service.WalletService        : Fetching balance from DB for walletId=2
